ADF MotherNode{Root Node of ADF File}:MT
+-Base{CGNSBase_t}:I4[2]={3,3}
| +-CaseTitle{Descriptor_t}:C1[45]="CFL3D V5.0 code:      Multi-element challenge"
| +-DataClass{DataClass_t}:C1[30]="NormalizedByUnknownDimensional"
| +-GlobalConvergenceHistory{ConvergenceHistory_t}:I4[1]=1220
| | +-BadPointsTurbEqn1{DataArray_t}:I4[1220]={28,23,0,0,42,19,...}
| | +-BadPointsTurbEqn2{DataArray_t}:I4[1220]={0,0,0,0,0,0,...}
| | +-CoefDrag{DataArray_t}:R8[1220]={0.902753,10.5761,10.0642,4.3156,4.00169,8.18133,...}
| | +-CoefForceX{DataArray_t}:R8[1220]={0.962517,5.83856,5.57685,2.65302,2.36153,4.38696,...}
| | +-CoefForceY{DataArray_t}:R8[1220]={0,0,0,0,0,0,...}
| | +-CoefForceZ{DataArray_t}:R8[1220]={-0.00196676,14.7722,14.0002,5.29157,5.1747,11.7798,...}
| | +-CoefLift{DataArray_t}:R8[1220]={-0.333886,11.8513,11.2169,4.05152,4.04239,9.54328,...}
| | +-CoefMomentX{DataArray_t}:R8[1220]={0,0,0,0,0,0,...}
| | +-CoefMomentY{DataArray_t}:R8[1220]={0.0685618,-7.62668,-7.18081,-2.76293,-2.71179,-6.0698,...}
| | +-CoefMomentZ{DataArray_t}:R8[1220]={0,0,0,0,0,0,...}
| | +-CoefPressureDrag{DataArray_t}:R8[1220]={0,9.83188,9.46166,3.81515,3.58657,7.83076,...}
| | +-CoefViscousDrag{DataArray_t}:R8[1220]={0.902753,0.744254,0.602509,0.500444,0.415113,0.35057,...}
| | +-ControlSurfaceForce{DataArray_t}:R8[1220]={0,0,0,0,0,0,...}
| | +-ControlSurfaceMassFlow{DataArray_t}:R8[1220]={0,0,0,0,0,0,...}
| | +-ControlSurfaceMomentumForce{DataArray_t}:R8[1220]={0,0,0,0,0,0,...}
| | +-ControlSurfacePressureForce{DataArray_t}:R8[1220]={0,0,0,0,0,0,...}
| | +-ControlSurfaceViscousForce{DataArray_t}:R8[1220]={0,0,0,0,0,0,...}
| | +-RSDMassRMS{DataArray_t}:R8[1220]={0.00015186,4.2061e-05,0.00015976,6.03969e-05,0.000118642,5.96666e-05,...}
| | +-RSDTurbEqn1RMS{DataArray_t}:R8[1220]={0.00147162,0.000840271,0.000620677,0.000417223,0.000412462,0.000235712,...}
| | +-RSDTurbEqn2RMS{DataArray_t}:R8[1220]={1,1,1,1,1,1,...}
| +-InputFileUsed{Descriptor_t}:C1[19926]=(non-printable)
| +-ReferenceState{ReferenceState_t}:MT
| | +-AngleofAttack{DataArray_t}:R8[1]=20.18
| | | +-DataClass{DataClass_t}:C1[11]="Dimensional"
| | | +-DimensionalUnits{DimensionalUnits_t}:C1[32,5]
| | +-Density{DataArray_t}:R8[1]=1
| | | +-DataClass{DataClass_t}:C1[30]="NormalizedByUnknownDimensional"
| | +-Length{DataArray_t}:R8[1]=1
| | | +-DataClass{DataClass_t}:C1[30]="NormalizedByUnknownDimensional"
| | +-Mach{DataArray_t}:R8[1]=0.197
| | | +-DataClass{DataClass_t}:C1[23]="NondimensionalParameter"
| | +-Prandtl{DataArray_t}:R8[1]=0.72
| | | +-DataClass{DataClass_t}:C1[21]="DimensionlessConstant"
| | +-ReferenceStateDescription{Descriptor_t}:C1[19]="ReferenceQuantities"
| | +-Reynolds{DataArray_t}:R8[1]=3.52e+06
| | | +-DataClass{DataClass_t}:C1[23]="NondimensionalParameter"
| | +-SpecificHeatRatio{DataArray_t}:R8[1]=1.4
| | | +-DataClass{DataClass_t}:C1[21]="DimensionlessConstant"
| | +-Temperature{DataArray_t}:R8[1]=460
| | | +-DataClass{DataClass_t}:C1[11]="Dimensional"
| | | +-DimensionalUnits{DimensionalUnits_t}:C1[32,5]
| | +-TimeLatest{DataArray_t}:R8[1]=0
| | | +-DataClass{DataClass_t}:C1[30]="NormalizedByUnknownDimensional"
| | +-VelocitySound{DataArray_t}:R8[1]=1
| | | +-DataClass{DataClass_t}:C1[30]="NormalizedByUnknownDimensional"
| | +-ViscosityKinematic{DataArray_t}:R8[1]=1
| |   +-DataClass{DataClass_t}:C1[30]="NormalizedByUnknownDimensional"
| +-SimulationType{Descriptor_t}:C1[17]="Non-time-accurate"
| +-Zone   1{Zone_t}:I4[3,3]
| | +-FlowEquationSet{FlowEquationSet_t}:MT
| | | +-EquationDimension{"int"}:I4[1]=3
| | | +-GasModel{GasModel_t}:C1[5]="Ideal"
| | | +-GoverningEquations{GoverningEquations_t}:C1[11]="NSTurbulent"
| | | | +-DiffusionModel{"int[1+...+IndexDimension]"}:I4[6]={0,0,1,0,0,0}
| | | +-ThermalConductivityModel{ThermalConductivityModel_t}:C1[15]="ConstantPrandtl"
| | | +-TurbulenceClosure{TurbulenceClosure_t}:C1[13]="EddyViscosity"
| | | +-TurbulenceModel{TurbulenceModel_t}:C1[27]="OneEquation_SpalartAllmaras"
| | | +-ViscosityModel{ViscosityModel_t}:C1[13]="SutherlandLaw"
| | +-FlowSolution{FlowSolution_t}:MT
| | | +-Density{DataArray_t}:R8[1,124,26]
| | | +-GridLocation{GridLocation_t}:C1[10]="CellCenter"
| | | +-Information{Descriptor_t}:C1[53]="Fine grid solution (on same level as GridCoordinates)"
| | | +-Pressure{DataArray_t}:R8[1,124,26]
| | | +-Rind{Rind_t}:I4[6]={0,0,1,1,1,1}
| | | +-TurbulentDistance{DataArray_t}:R8[1,124,26]
| | | +-TurbulentSANuTilde{DataArray_t}:R8[1,124,26]
| | | +-VelocityX{DataArray_t}:R8[1,124,26]
| | | +-VelocityY{DataArray_t}:R8[1,124,26]
| | | +-VelocityZ{DataArray_t}:R8[1,124,26]
| | | +-ViscosityEddy{DataArray_t}:R8[1,124,26]
| | +-GridCoordinates{GridCoordinates_t}:MT
| | | +-CoordinateX{DataArray_t}:R8[2,123,25]
| | | +-CoordinateY{DataArray_t}:R8[2,123,25]
| | | +-CoordinateZ{DataArray_t}:R8[2,123,25]
| | +-ORPHAN{FamilyName_t}:MT
| | +-ZoneBC{ZoneBC_t}:MT
| | | +-Ihi_Seg   1{BC_t}:C1[13]="BCExtrapolate"
| | | | +-CFL3DType{Descriptor_t}:C1[6]="  1002"
| | | | +-ORPHAN{FamilyName_t}:MT
| | | | +-PointRange{IndexRange_t}:I4[3,2]
| | | +-Ilo_Seg   1{BC_t}:C1[15]="BCSymmetryPlane"
| | | | +-CFL3DType{Descriptor_t}:C1[6]="  1001"
| | | | +-ORPHAN{FamilyName_t}:MT
| | | | +-PointRange{IndexRange_t}:I4[3,2]
| | | +-Jhi_Seg   1{BC_t}:C1[10]="BCFarfield"
| | | | +-CFL3DType{Descriptor_t}:C1[6]="  1003"
| | | | +-ORPHAN{FamilyName_t}:MT
| | | | +-PointRange{IndexRange_t}:I4[3,2]
| | | +-Jlo_Seg   1{BC_t}:C1[10]="BCFarfield"
| | | | +-CFL3DType{Descriptor_t}:C1[6]="  1003"
| | | | +-ORPHAN{FamilyName_t}:MT
| | | | +-PointRange{IndexRange_t}:I4[3,2]
| | | +-Klo_Seg   2{BC_t}:C1[21]="BCWallViscousHeatFlux"
| | |   +-CFL3DAuxData{Descriptor_t}:C1[20]="    0.0000    0.0000"
| | |   +-CFL3DType{Descriptor_t}:C1[6]="  2004"
| | |   +-ORPHAN{FamilyName_t}:MT
| | |   +-PointRange{IndexRange_t}:I4[3,2]
| | +-ZoneGridConnectivity{ZoneGridConnectivity_t}:MT
| | | +-1to1InterfaceA   1{GridConnectivity1to1_t}:C1[8]="Zone   1"
| | | | +-PointRange{IndexRange_t}:I4[3,2]
| | | | +-PointRangeDonor{IndexRange_t}:I4[3,2]
| | | | +-Transform{"int[IndexDimension]"}:I4[3]={1,-2,3}
| | | +-1to1InterfaceA   4{GridConnectivity1to1_t}:C1[8]="Zone   4"
| | | | +-PointRange{IndexRange_t}:I4[3,2]
| | | | +-PointRangeDonor{IndexRange_t}:I4[3,2]
| | | | +-Transform{"int[IndexDimension]"}:I4[3]={1,2,3}
| | | +-1to1InterfaceA   7{GridConnectivity1to1_t}:C1[8]="Zone   2"
| | | | +-PointRange{IndexRange_t}:I4[3,2]
| | | | +-PointRangeDonor{IndexRange_t}:I4[3,2]
| | | | +-Transform{"int[IndexDimension]"}:I4[3]={1,-2,3}
| | | +-1to1InterfaceB   1{GridConnectivity1to1_t}:C1[8]="Zone   1"
| | |   +-PointRange{IndexRange_t}:I4[3,2]
| | |   +-PointRangeDonor{IndexRange_t}:I4[3,2]
| | |   +-Transform{"int[IndexDimension]"}:I4[3]={1,-2,3}
| | +-ZoneType{ZoneType_t}:C1[10]="Structured"
| +-Zone   2{Zone_t}:I4[3,3]
| | +-FlowEquationSet{FlowEquationSet_t}:MT
| | | +-EquationDimension{"int"}:I4[1]=3
| | | +-GasModel{GasModel_t}:C1[5]="Ideal"
| | | +-GoverningEquations{GoverningEquations_t}:C1[11]="NSTurbulent"
| | | | +-DiffusionModel{"int[1+...+IndexDimension]"}:I4[6]={0,0,1,0,0,0}
| | | +-ThermalConductivityModel{ThermalConductivityModel_t}:C1[15]="ConstantPrandtl"
| | | +-TurbulenceClosure{TurbulenceClosure_t}:C1[13]="EddyViscosity"
| | | +-TurbulenceModel{TurbulenceModel_t}:C1[27]="OneEquation_SpalartAllmaras"
| | | +-ViscosityModel{ViscosityModel_t}:C1[13]="SutherlandLaw"
| | +-FlowSolution{FlowSolution_t}:MT
| | | +-Density{DataArray_t}:R8[1,276,46]
| | | +-GridLocation{GridLocation_t}:C1[10]="CellCenter"
| | | +-Information{Descriptor_t}:C1[53]="Fine grid solution (on same level as GridCoordinates)"
| | | +-Pressure{DataArray_t}:R8[1,276,46]
| | | +-Rind{Rind_t}:I4[6]={0,0,1,1,1,1}
| | | +-TurbulentDistance{DataArray_t}:R8[1,276,46]
| | | +-TurbulentSANuTilde{DataArray_t}:R8[1,276,46]
| | | +-VelocityX{DataArray_t}:R8[1,276,46]
| | | +-VelocityY{DataArray_t}:R8[1,276,46]
| | | +-VelocityZ{DataArray_t}:R8[1,276,46]
| | | +-ViscosityEddy{DataArray_t}:R8[1,276,46]
| | +-GridCoordinates{GridCoordinates_t}:MT
| | | +-CoordinateX{DataArray_t}:R8[2,275,45]
| | | +-CoordinateY{DataArray_t}:R8[2,275,45]
| | | +-CoordinateZ{DataArray_t}:R8[2,275,45]
| | +-ORPHAN{FamilyName_t}:MT
| | +-ZoneBC{ZoneBC_t}:MT
| | | +-Ihi_Seg   1{BC_t}:C1[13]="BCExtrapolate"
| | | | +-CFL3DType{Descriptor_t}:C1[6]="  1002"
| | | | +-ORPHAN{FamilyName_t}:MT
| | | | +-PointRange{IndexRange_t}:I4[3,2]
| | | +-Ilo_Seg   1{BC_t}:C1[15]="BCSymmetryPlane"
| | | | +-CFL3DType{Descriptor_t}:C1[6]="  1001"
| | | | +-ORPHAN{FamilyName_t}:MT
| | | | +-PointRange{IndexRange_t}:I4[3,2]
| | | +-Jhi_Seg   1{BC_t}:C1[10]="BCFarfield"
| | | | +-CFL3DType{Descriptor_t}:C1[6]="  1003"
| | | | +-ORPHAN{FamilyName_t}:MT
| | | | +-PointRange{IndexRange_t}:I4[3,2]
| | | +-Jlo_Seg   1{BC_t}:C1[10]="BCFarfield"
| | | | +-CFL3DType{Descriptor_t}:C1[6]="  1003"
| | | | +-ORPHAN{FamilyName_t}:MT
| | | | +-PointRange{IndexRange_t}:I4[3,2]
| | | +-Klo_Seg   2{BC_t}:C1[21]="BCWallViscousHeatFlux"
| | |   +-CFL3DAuxData{Descriptor_t}:C1[20]="    0.0000    0.0000"
| | |   +-CFL3DType{Descriptor_t}:C1[6]="  2004"
| | |   +-ORPHAN{FamilyName_t}:MT
| | |   +-PointRange{IndexRange_t}:I4[3,2]
| | +-ZoneGridConnectivity{ZoneGridConnectivity_t}:MT
| | | +-1to1InterfaceA   2{GridConnectivity1to1_t}:C1[8]="Zone   2"
| | | | +-PointRange{IndexRange_t}:I4[3,2]
| | | | +-PointRangeDonor{IndexRange_t}:I4[3,2]
| | | | +-Transform{"int[IndexDimension]"}:I4[3]={1,-2,3}
| | | +-1to1InterfaceA   5{GridConnectivity1to1_t}:C1[8]="Zone   4"
| | | | +-PointRange{IndexRange_t}:I4[3,2]
| | | | +-PointRangeDonor{IndexRange_t}:I4[3,2]
| | | | +-Transform{"int[IndexDimension]"}:I4[3]={1,2,3}
| | | +-1to1InterfaceA   8{GridConnectivity1to1_t}:C1[8]="Zone   3"
| | | | +-PointRange{IndexRange_t}:I4[3,2]
| | | | +-PointRangeDonor{IndexRange_t}:I4[3,2]
| | | | +-Transform{"int[IndexDimension]"}:I4[3]={1,-2,3}
| | | +-1to1InterfaceB   2{GridConnectivity1to1_t}:C1[8]="Zone   2"
| | | | +-PointRange{IndexRange_t}:I4[3,2]
| | | | +-PointRangeDonor{IndexRange_t}:I4[3,2]
| | | | +-Transform{"int[IndexDimension]"}:I4[3]={1,-2,3}
| | | +-1to1InterfaceB   7{GridConnectivity1to1_t}:C1[8]="Zone   1"
| | |   +-PointRange{IndexRange_t}:I4[3,2]
| | |   +-PointRangeDonor{IndexRange_t}:I4[3,2]
| | |   +-Transform{"int[IndexDimension]"}:I4[3]={1,-2,3}
| | +-ZoneType{ZoneType_t}:C1[10]="Structured"
| +-Zone   3{Zone_t}:I4[3,3]
| | +-FlowEquationSet{FlowEquationSet_t}:MT
| | | +-EquationDimension{"int"}:I4[1]=3
| | | +-GasModel{GasModel_t}:C1[5]="Ideal"
| | | +-GoverningEquations{GoverningEquations_t}:C1[11]="NSTurbulent"
| | | | +-DiffusionModel{"int[1+...+IndexDimension]"}:I4[6]={0,0,1,0,0,0}
| | | +-ThermalConductivityModel{ThermalConductivityModel_t}:C1[15]="ConstantPrandtl"
| | | +-TurbulenceClosure{TurbulenceClosure_t}:C1[13]="EddyViscosity"
| | | +-TurbulenceModel{TurbulenceModel_t}:C1[27]="OneEquation_SpalartAllmaras"
| | | +-ViscosityModel{ViscosityModel_t}:C1[13]="SutherlandLaw"
| | +-FlowSolution{FlowSolution_t}:MT
| | | +-Density{DataArray_t}:R8[1,290,30]
| | | +-GridLocation{GridLocation_t}:C1[10]="CellCenter"
| | | +-Information{Descriptor_t}:C1[53]="Fine grid solution (on same level as GridCoordinates)"
| | | +-Pressure{DataArray_t}:R8[1,290,30]
| | | +-Rind{Rind_t}:I4[6]={0,0,1,1,1,1}
| | | +-TurbulentDistance{DataArray_t}:R8[1,290,30]
| | | +-TurbulentSANuTilde{DataArray_t}:R8[1,290,30]
| | | +-VelocityX{DataArray_t}:R8[1,290,30]
| | | +-VelocityY{DataArray_t}:R8[1,290,30]
| | | +-VelocityZ{DataArray_t}:R8[1,290,30]
| | | +-ViscosityEddy{DataArray_t}:R8[1,290,30]
| | +-GridCoordinates{GridCoordinates_t}:MT
| | | +-CoordinateX{DataArray_t}:R8[2,289,29]
| | | +-CoordinateY{DataArray_t}:R8[2,289,29]
| | | +-CoordinateZ{DataArray_t}:R8[2,289,29]
| | +-ORPHAN{FamilyName_t}:MT
| | +-ZoneBC{ZoneBC_t}:MT
| | | +-Ihi_Seg   1{BC_t}:C1[13]="BCExtrapolate"
| | | | +-CFL3DType{Descriptor_t}:C1[6]="  1002"
| | | | +-ORPHAN{FamilyName_t}:MT
| | | | +-PointRange{IndexRange_t}:I4[3,2]
| | | +-Ilo_Seg   1{BC_t}:C1[15]="BCSymmetryPlane"
| | | | +-CFL3DType{Descriptor_t}:C1[6]="  1001"
| | | | +-ORPHAN{FamilyName_t}:MT
| | | | +-PointRange{IndexRange_t}:I4[3,2]
| | | +-Jhi_Seg   1{BC_t}:C1[10]="BCFarfield"
| | | | +-CFL3DType{Descriptor_t}:C1[6]="  1003"
| | | | +-ORPHAN{FamilyName_t}:MT
| | | | +-PointRange{IndexRange_t}:I4[3,2]
| | | +-Jlo_Seg   1{BC_t}:C1[10]="BCFarfield"
| | | | +-CFL3DType{Descriptor_t}:C1[6]="  1003"
| | | | +-ORPHAN{FamilyName_t}:MT
| | | | +-PointRange{IndexRange_t}:I4[3,2]
| | | +-Klo_Seg   2{BC_t}:C1[21]="BCWallViscousHeatFlux"
| | |   +-CFL3DAuxData{Descriptor_t}:C1[20]="    0.0000    0.0000"
| | |   +-CFL3DType{Descriptor_t}:C1[6]="  2004"
| | |   +-ORPHAN{FamilyName_t}:MT
| | |   +-PointRange{IndexRange_t}:I4[3,2]
| | +-ZoneGridConnectivity{ZoneGridConnectivity_t}:MT
| | | +-1to1InterfaceA   3{GridConnectivity1to1_t}:C1[8]="Zone   3"
| | | | +-PointRange{IndexRange_t}:I4[3,2]
| | | | +-PointRangeDonor{IndexRange_t}:I4[3,2]
| | | | +-Transform{"int[IndexDimension]"}:I4[3]={1,-2,3}
| | | +-1to1InterfaceA   6{GridConnectivity1to1_t}:C1[8]="Zone   4"
| | | | +-PointRange{IndexRange_t}:I4[3,2]
| | | | +-PointRangeDonor{IndexRange_t}:I4[3,2]
| | | | +-Transform{"int[IndexDimension]"}:I4[3]={1,2,3}
| | | +-1to1InterfaceB   3{GridConnectivity1to1_t}:C1[8]="Zone   3"
| | | | +-PointRange{IndexRange_t}:I4[3,2]
| | | | +-PointRangeDonor{IndexRange_t}:I4[3,2]
| | | | +-Transform{"int[IndexDimension]"}:I4[3]={1,-2,3}
| | | +-1to1InterfaceB   8{GridConnectivity1to1_t}:C1[8]="Zone   2"
| | |   +-PointRange{IndexRange_t}:I4[3,2]
| | |   +-PointRangeDonor{IndexRange_t}:I4[3,2]
| | |   +-Transform{"int[IndexDimension]"}:I4[3]={1,-2,3}
| | +-ZoneType{ZoneType_t}:C1[10]="Structured"
| +-Zone   4{Zone_t}:I4[3,3]
|   +-FlowEquationSet{FlowEquationSet_t}:MT
|   | +-EquationDimension{"int"}:I4[1]=3
|   | +-GasModel{GasModel_t}:C1[5]="Ideal"
|   | +-GoverningEquations{GoverningEquations_t}:C1[11]="NSTurbulent"
|   | | +-DiffusionModel{"int[1+...+IndexDimension]"}:I4[6]={0,0,1,0,0,0}
|   | +-ThermalConductivityModel{ThermalConductivityModel_t}:C1[15]="ConstantPrandtl"
|   | +-TurbulenceClosure{TurbulenceClosure_t}:C1[13]="EddyViscosity"
|   | +-TurbulenceModel{TurbulenceModel_t}:C1[27]="OneEquation_SpalartAllmaras"
|   | +-ViscosityModel{ViscosityModel_t}:C1[13]="SutherlandLaw"
|   +-FlowSolution{FlowSolution_t}:MT
|   | +-Density{DataArray_t}:R8[1,322,18]
|   | +-GridLocation{GridLocation_t}:C1[10]="CellCenter"
|   | +-Information{Descriptor_t}:C1[53]="Fine grid solution (on same level as GridCoordinates)"
|   | +-Pressure{DataArray_t}:R8[1,322,18]
|   | +-Rind{Rind_t}:I4[6]={0,0,1,1,1,1}
|   | +-TurbulentDistance{DataArray_t}:R8[1,322,18]
|   | +-TurbulentSANuTilde{DataArray_t}:R8[1,322,18]
|   | +-VelocityX{DataArray_t}:R8[1,322,18]
|   | +-VelocityY{DataArray_t}:R8[1,322,18]
|   | +-VelocityZ{DataArray_t}:R8[1,322,18]
|   | +-ViscosityEddy{DataArray_t}:R8[1,322,18]
|   +-GridCoordinates{GridCoordinates_t}:MT
|   | +-CoordinateX{DataArray_t}:R8[2,321,17]
|   | +-CoordinateY{DataArray_t}:R8[2,321,17]
|   | +-CoordinateZ{DataArray_t}:R8[2,321,17]
|   +-ORPHAN{FamilyName_t}:MT
|   +-ZoneBC{ZoneBC_t}:MT
|   | +-Ihi_Seg   1{BC_t}:C1[13]="BCExtrapolate"
|   | | +-CFL3DType{Descriptor_t}:C1[6]="  1002"
|   | | +-ORPHAN{FamilyName_t}:MT
|   | | +-PointRange{IndexRange_t}:I4[3,2]
|   | +-Ilo_Seg   1{BC_t}:C1[15]="BCSymmetryPlane"
|   | | +-CFL3DType{Descriptor_t}:C1[6]="  1001"
|   | | +-ORPHAN{FamilyName_t}:MT
|   | | +-PointRange{IndexRange_t}:I4[3,2]
|   | +-Jhi_Seg   1{BC_t}:C1[10]="BCFarfield"
|   | | +-CFL3DType{Descriptor_t}:C1[6]="  1003"
|   | | +-ORPHAN{FamilyName_t}:MT
|   | | +-PointRange{IndexRange_t}:I4[3,2]
|   | +-Jlo_Seg   1{BC_t}:C1[10]="BCFarfield"
|   | | +-CFL3DType{Descriptor_t}:C1[6]="  1003"
|   | | +-ORPHAN{FamilyName_t}:MT
|   | | +-PointRange{IndexRange_t}:I4[3,2]
|   | +-Khi_Seg   1{BC_t}:C1[10]="BCFarfield"
|   |   +-CFL3DType{Descriptor_t}:C1[6]="  1003"
|   |   +-ORPHAN{FamilyName_t}:MT
|   |   +-PointRange{IndexRange_t}:I4[3,2]
|   +-ZoneGridConnectivity{ZoneGridConnectivity_t}:MT
|   | +-1to1InterfaceB   4{GridConnectivity1to1_t}:C1[8]="Zone   1"
|   | | +-PointRange{IndexRange_t}:I4[3,2]
|   | | +-PointRangeDonor{IndexRange_t}:I4[3,2]
|   | | +-Transform{"int[IndexDimension]"}:I4[3]={1,2,3}
|   | +-1to1InterfaceB   5{GridConnectivity1to1_t}:C1[8]="Zone   2"
|   | | +-PointRange{IndexRange_t}:I4[3,2]
|   | | +-PointRangeDonor{IndexRange_t}:I4[3,2]
|   | | +-Transform{"int[IndexDimension]"}:I4[3]={1,2,3}
|   | +-1to1InterfaceB   6{GridConnectivity1to1_t}:C1[8]="Zone   3"
|   |   +-PointRange{IndexRange_t}:I4[3,2]
|   |   +-PointRangeDonor{IndexRange_t}:I4[3,2]
|   |   +-Transform{"int[IndexDimension]"}:I4[3]={1,2,3}
|   +-ZoneType{ZoneType_t}:C1[10]="Structured"
+-CGNSLibraryVersion{CGNSLibraryVersion_t}:R4[1]=1.1
Base{CGNSBase_t}:3/3
+-CaseTitle: CFL3D V5.0 code:      Multi-element challenge
+-InputFileUsed: FILES:                                                      
+-SimulationType: Non-time-accurate
+-DataClass: NormalizedByUnknownDimensional
+-ReferenceState{ReferenceState_t}
| +-ReferenceStateDescription: ReferenceQuantities
| +-AngleofAttack{DataArray_t}: 20.18
| +-Density{DataArray_t}: 1
| +-Length{DataArray_t}: 1
| +-Mach{DataArray_t}: 0.197
| +-Prandtl{DataArray_t}: 0.72
| +-Reynolds{DataArray_t}: 3.52e+06
| +-SpecificHeatRatio{DataArray_t}: 1.4
| +-Temperature{DataArray_t}: 460
| +-TimeLatest{DataArray_t}: 0
| +-VelocitySound{DataArray_t}: 1
| +-ViscosityKinematic{DataArray_t}: 1
+-GlobalConvergenceHistory{ConvergenceHistory_t}:1220
+-Zone   1{Zone_t}:3/structured
| +-FlowEquationSet{FlowEquationSet_t}
| | +-GoverningEquations: NSTurbulent
| | +-DiffusionModel{int[]}
| | +-GasModel: Ideal
| | +-GasModel{GasModel_t}
| | +-ViscosityModel: SutherlandLaw
| | +-ViscosityModel{ViscosityModel_t}
| | +-ThermalConductivityModel: ConstantPrandtl
| | +-ThermalConductivityModel{ThermalConductivityModel_t}
| | +-TurbulenceClosure: EddyViscosity
| | +-TurbulenceClosure{TurbulenceClosure_t}
| | +-TurbulenceModel: OneEquation_SpalartAllmaras
| | +-TurbulenceModel{TurbulenceModel_t}
| +-FamilyName: ORPHAN
| +-ZoneBC{ZoneBC_t}
| | +-Ihi_Seg   1{BC_t}(@Vertex): BCExtrapolate
| | | +-CFL3DType:   1002
| | | +-PointRange{IndexRange_t}
| | | +-FamilyName: ORPHAN
| | +-Ilo_Seg   1{BC_t}(@Vertex): BCSymmetryPlane
| | | +-CFL3DType:   1001
| | | +-PointRange{IndexRange_t}
| | | +-FamilyName: ORPHAN
| | +-Jhi_Seg   1{BC_t}(@Vertex): BCFarfield
| | | +-CFL3DType:   1003
| | | +-PointRange{IndexRange_t}
| | | +-FamilyName: ORPHAN
| | +-Jlo_Seg   1{BC_t}(@Vertex): BCFarfield
| | | +-CFL3DType:   1003
| | | +-PointRange{IndexRange_t}
| | | +-FamilyName: ORPHAN
| | +-Klo_Seg   2{BC_t}(@Vertex): BCWallViscousHeatFlux
| | | +-CFL3DAuxData:     0.0000    0.0000
| | | +-CFL3DType:   2004
| | | +-PointRange{IndexRange_t}
| | | +-FamilyName: ORPHAN
| +-ZoneGridConnectivity{ZoneGridConnectivity_t}
| | +-1to1InterfaceA   1{GridConnectivity1to1_t}
| | | | ZoneDonorName: Zone   1
| | | +-PointRange{IndexRange_t}
| | | +-PointRangeDonor{IndexRange_t}
| | | +-Transform{int[]}
| | +-1to1InterfaceA   4{GridConnectivity1to1_t}
| | | | ZoneDonorName: Zone   4
| | | +-PointRange{IndexRange_t}
| | | +-PointRangeDonor{IndexRange_t}
| | | +-Transform{int[]}
| | +-1to1InterfaceA   7{GridConnectivity1to1_t}
| | | | ZoneDonorName: Zone   2
| | | +-PointRange{IndexRange_t}
| | | +-PointRangeDonor{IndexRange_t}
| | | +-Transform{int[]}
| | +-1to1InterfaceB   1{GridConnectivity1to1_t}
| | | | ZoneDonorName: Zone   1
| | | +-PointRange{IndexRange_t}
| | | +-PointRangeDonor{IndexRange_t}
| | | +-Transform{int[]}
| +-GridCoordinates{GridCoordinates_t}
| | +-CoordinateX{DataArray_t}
| | +-CoordinateY{DataArray_t}
| | +-CoordinateZ{DataArray_t}
| +-FlowSolution{FlowSolution_t}(@CellCenter)
|   +-Information: Fine grid solution (on same level as GridCoordinates)
|   +-Density{DataArray_t}
|   +-Pressure{DataArray_t}
|   +-TurbulentDistance{DataArray_t}
|   +-TurbulentSANuTilde{DataArray_t}
|   +-VelocityX{DataArray_t}
|   +-VelocityY{DataArray_t}
|   +-VelocityZ{DataArray_t}
|   +-ViscosityEddy{DataArray_t}
|   +-Rind{Rind_t}
+-Zone   2{Zone_t}:3/structured
| +-FlowEquationSet{FlowEquationSet_t}
| | +-GoverningEquations: NSTurbulent
| | +-DiffusionModel{int[]}
| | +-GasModel: Ideal
| | +-GasModel{GasModel_t}
| | +-ViscosityModel: SutherlandLaw
| | +-ViscosityModel{ViscosityModel_t}
| | +-ThermalConductivityModel: ConstantPrandtl
| | +-ThermalConductivityModel{ThermalConductivityModel_t}
| | +-TurbulenceClosure: EddyViscosity
| | +-TurbulenceClosure{TurbulenceClosure_t}
| | +-TurbulenceModel: OneEquation_SpalartAllmaras
| | +-TurbulenceModel{TurbulenceModel_t}
| +-FamilyName: ORPHAN
| +-ZoneBC{ZoneBC_t}
| | +-Ihi_Seg   1{BC_t}(@Vertex): BCExtrapolate
| | | +-CFL3DType:   1002
| | | +-PointRange{IndexRange_t}
| | | +-FamilyName: ORPHAN
| | +-Ilo_Seg   1{BC_t}(@Vertex): BCSymmetryPlane
| | | +-CFL3DType:   1001
| | | +-PointRange{IndexRange_t}
| | | +-FamilyName: ORPHAN
| | +-Jhi_Seg   1{BC_t}(@Vertex): BCFarfield
| | | +-CFL3DType:   1003
| | | +-PointRange{IndexRange_t}
| | | +-FamilyName: ORPHAN
| | +-Jlo_Seg   1{BC_t}(@Vertex): BCFarfield
| | | +-CFL3DType:   1003
| | | +-PointRange{IndexRange_t}
| | | +-FamilyName: ORPHAN
| | +-Klo_Seg   2{BC_t}(@Vertex): BCWallViscousHeatFlux
| | | +-CFL3DAuxData:     0.0000    0.0000
| | | +-CFL3DType:   2004
| | | +-PointRange{IndexRange_t}
| | | +-FamilyName: ORPHAN
| +-ZoneGridConnectivity{ZoneGridConnectivity_t}
| | +-1to1InterfaceA   2{GridConnectivity1to1_t}
| | | | ZoneDonorName: Zone   2
| | | +-PointRange{IndexRange_t}
| | | +-PointRangeDonor{IndexRange_t}
| | | +-Transform{int[]}
| | +-1to1InterfaceA   5{GridConnectivity1to1_t}
| | | | ZoneDonorName: Zone   4
| | | +-PointRange{IndexRange_t}
| | | +-PointRangeDonor{IndexRange_t}
| | | +-Transform{int[]}
| | +-1to1InterfaceA   8{GridConnectivity1to1_t}
| | | | ZoneDonorName: Zone   3
| | | +-PointRange{IndexRange_t}
| | | +-PointRangeDonor{IndexRange_t}
| | | +-Transform{int[]}
| | +-1to1InterfaceB   2{GridConnectivity1to1_t}
| | | | ZoneDonorName: Zone   2
| | | +-PointRange{IndexRange_t}
| | | +-PointRangeDonor{IndexRange_t}
| | | +-Transform{int[]}
| | +-1to1InterfaceB   7{GridConnectivity1to1_t}
| | | | ZoneDonorName: Zone   1
| | | +-PointRange{IndexRange_t}
| | | +-PointRangeDonor{IndexRange_t}
| | | +-Transform{int[]}
| +-GridCoordinates{GridCoordinates_t}
| | +-CoordinateX{DataArray_t}
| | +-CoordinateY{DataArray_t}
| | +-CoordinateZ{DataArray_t}
| +-FlowSolution{FlowSolution_t}(@CellCenter)
|   +-Information: Fine grid solution (on same level as GridCoordinates)
|   +-Density{DataArray_t}
|   +-Pressure{DataArray_t}
|   +-TurbulentDistance{DataArray_t}
|   +-TurbulentSANuTilde{DataArray_t}
|   +-VelocityX{DataArray_t}
|   +-VelocityY{DataArray_t}
|   +-VelocityZ{DataArray_t}
|   +-ViscosityEddy{DataArray_t}
|   +-Rind{Rind_t}
+-Zone   3{Zone_t}:3/structured
| +-FlowEquationSet{FlowEquationSet_t}
| | +-GoverningEquations: NSTurbulent
| | +-DiffusionModel{int[]}
| | +-GasModel: Ideal
| | +-GasModel{GasModel_t}
| | +-ViscosityModel: SutherlandLaw
| | +-ViscosityModel{ViscosityModel_t}
| | +-ThermalConductivityModel: ConstantPrandtl
| | +-ThermalConductivityModel{ThermalConductivityModel_t}
| | +-TurbulenceClosure: EddyViscosity
| | +-TurbulenceClosure{TurbulenceClosure_t}
| | +-TurbulenceModel: OneEquation_SpalartAllmaras
| | +-TurbulenceModel{TurbulenceModel_t}
| +-FamilyName: ORPHAN
| +-ZoneBC{ZoneBC_t}
| | +-Ihi_Seg   1{BC_t}(@Vertex): BCExtrapolate
| | | +-CFL3DType:   1002
| | | +-PointRange{IndexRange_t}
| | | +-FamilyName: ORPHAN
| | +-Ilo_Seg   1{BC_t}(@Vertex): BCSymmetryPlane
| | | +-CFL3DType:   1001
| | | +-PointRange{IndexRange_t}
| | | +-FamilyName: ORPHAN
| | +-Jhi_Seg   1{BC_t}(@Vertex): BCFarfield
| | | +-CFL3DType:   1003
| | | +-PointRange{IndexRange_t}
| | | +-FamilyName: ORPHAN
| | +-Jlo_Seg   1{BC_t}(@Vertex): BCFarfield
| | | +-CFL3DType:   1003
| | | +-PointRange{IndexRange_t}
| | | +-FamilyName: ORPHAN
| | +-Klo_Seg   2{BC_t}(@Vertex): BCWallViscousHeatFlux
| | | +-CFL3DAuxData:     0.0000    0.0000
| | | +-CFL3DType:   2004
| | | +-PointRange{IndexRange_t}
| | | +-FamilyName: ORPHAN
| +-ZoneGridConnectivity{ZoneGridConnectivity_t}
| | +-1to1InterfaceA   3{GridConnectivity1to1_t}
| | | | ZoneDonorName: Zone   3
| | | +-PointRange{IndexRange_t}
| | | +-PointRangeDonor{IndexRange_t}
| | | +-Transform{int[]}
| | +-1to1InterfaceA   6{GridConnectivity1to1_t}
| | | | ZoneDonorName: Zone   4
| | | +-PointRange{IndexRange_t}
| | | +-PointRangeDonor{IndexRange_t}
| | | +-Transform{int[]}
| | +-1to1InterfaceB   3{GridConnectivity1to1_t}
| | | | ZoneDonorName: Zone   3
| | | +-PointRange{IndexRange_t}
| | | +-PointRangeDonor{IndexRange_t}
| | | +-Transform{int[]}
| | +-1to1InterfaceB   8{GridConnectivity1to1_t}
| | | | ZoneDonorName: Zone   2
| | | +-PointRange{IndexRange_t}
| | | +-PointRangeDonor{IndexRange_t}
| | | +-Transform{int[]}
| +-GridCoordinates{GridCoordinates_t}
| | +-CoordinateX{DataArray_t}
| | +-CoordinateY{DataArray_t}
| | +-CoordinateZ{DataArray_t}
| +-FlowSolution{FlowSolution_t}(@CellCenter)
|   +-Information: Fine grid solution (on same level as GridCoordinates)
|   +-Density{DataArray_t}
|   +-Pressure{DataArray_t}
|   +-TurbulentDistance{DataArray_t}
|   +-TurbulentSANuTilde{DataArray_t}
|   +-VelocityX{DataArray_t}
|   +-VelocityY{DataArray_t}
|   +-VelocityZ{DataArray_t}
|   +-ViscosityEddy{DataArray_t}
|   +-Rind{Rind_t}
+-Zone   4{Zone_t}:3/structured
  +-FlowEquationSet{FlowEquationSet_t}
  | +-GoverningEquations: NSTurbulent
  | +-DiffusionModel{int[]}
  | +-GasModel: Ideal
  | +-GasModel{GasModel_t}
  | +-ViscosityModel: SutherlandLaw
  | +-ViscosityModel{ViscosityModel_t}
  | +-ThermalConductivityModel: ConstantPrandtl
  | +-ThermalConductivityModel{ThermalConductivityModel_t}
  | +-TurbulenceClosure: EddyViscosity
  | +-TurbulenceClosure{TurbulenceClosure_t}
  | +-TurbulenceModel: OneEquation_SpalartAllmaras
  | +-TurbulenceModel{TurbulenceModel_t}
  +-FamilyName: ORPHAN
  +-ZoneBC{ZoneBC_t}
  | +-Ihi_Seg   1{BC_t}(@Vertex): BCExtrapolate
  | | +-CFL3DType:   1002
  | | +-PointRange{IndexRange_t}
  | | +-FamilyName: ORPHAN
  | +-Ilo_Seg   1{BC_t}(@Vertex): BCSymmetryPlane
  | | +-CFL3DType:   1001
  | | +-PointRange{IndexRange_t}
  | | +-FamilyName: ORPHAN
  | +-Jhi_Seg   1{BC_t}(@Vertex): BCFarfield
  | | +-CFL3DType:   1003
  | | +-PointRange{IndexRange_t}
  | | +-FamilyName: ORPHAN
  | +-Jlo_Seg   1{BC_t}(@Vertex): BCFarfield
  | | +-CFL3DType:   1003
  | | +-PointRange{IndexRange_t}
  | | +-FamilyName: ORPHAN
  | +-Khi_Seg   1{BC_t}(@Vertex): BCFarfield
  | | +-CFL3DType:   1003
  | | +-PointRange{IndexRange_t}
  | | +-FamilyName: ORPHAN
  +-ZoneGridConnectivity{ZoneGridConnectivity_t}
  | +-1to1InterfaceB   4{GridConnectivity1to1_t}
  | | | ZoneDonorName: Zone   1
  | | +-PointRange{IndexRange_t}
  | | +-PointRangeDonor{IndexRange_t}
  | | +-Transform{int[]}
  | +-1to1InterfaceB   5{GridConnectivity1to1_t}
  | | | ZoneDonorName: Zone   2
  | | +-PointRange{IndexRange_t}
  | | +-PointRangeDonor{IndexRange_t}
  | | +-Transform{int[]}
  | +-1to1InterfaceB   6{GridConnectivity1to1_t}
  | | | ZoneDonorName: Zone   3
  | | +-PointRange{IndexRange_t}
  | | +-PointRangeDonor{IndexRange_t}
  | | +-Transform{int[]}
  +-GridCoordinates{GridCoordinates_t}
  | +-CoordinateX{DataArray_t}
  | +-CoordinateY{DataArray_t}
  | +-CoordinateZ{DataArray_t}
  +-FlowSolution{FlowSolution_t}(@CellCenter)
    +-Information: Fine grid solution (on same level as GridCoordinates)
    +-Density{DataArray_t}
    +-Pressure{DataArray_t}
    +-TurbulentDistance{DataArray_t}
    +-TurbulentSANuTilde{DataArray_t}
    +-VelocityX{DataArray_t}
    +-VelocityY{DataArray_t}
    +-VelocityZ{DataArray_t}
    +-ViscosityEddy{DataArray_t}
    +-Rind{Rind_t}
