ADF MotherNode{Root Node of ADF File}:MT
+-Base{CGNSBase_t}:I4[2]={1,1}
| +-Zone{Zone_t}:I4[1,3]
|   +-Triangles{Elements_t}:I4[2]={5,0}
|   | +-ElementConnectivity{DataArray_t}:I4[3]={1,2,3}
|   | +-ElementRange{IndexRange_t}:I4[2]={1,1}
|   +-ZoneType{ZoneType_t}:C1[12]="Unstructured"
+-CGNSLibraryVersion{CGNSLibraryVersion_t}:R4[1]=2.1
