ADF MotherNode{Root Node of ADF File}:MT
+-CGNSLibraryVersion{CGNSLibraryVersion_t}:R4[1]=1.1
+-Translated from CART3D{CGNSBase_t}:I4[2]={2,3}
  +-Component #1{Family_t}:MT
  | +-Ordinal{Ordinal_t}:I4[1]=1
  +-Component #2{Family_t}:MT
  | +-Ordinal{Ordinal_t}:I4[1]=2
  +-Component #3{Family_t}:MT
  | +-Ordinal{Ordinal_t}:I4[1]=3
  +-Component #4{Family_t}:MT
  | +-Ordinal{Ordinal_t}:I4[1]=4
  +-Component #5{Family_t}:MT
  | +-Ordinal{Ordinal_t}:I4[1]=5
  +-Component #6{Family_t}:MT
  | +-Ordinal{Ordinal_t}:I4[1]=6
  +-Component #7{Family_t}:MT
  | +-Ordinal{Ordinal_t}:I4[1]=7
  +-Component #8{Family_t}:MT
  | +-Ordinal{Ordinal_t}:I4[1]=8
  +-Zone #1{Zone_t}:I4[1,3]
    +-Flow Solution Data{FlowSolution_t}:MT
    | +-CoefPressure{DataArray_t}:R4[46941]={-20.68,-20.8653,-20.8878,-20.8405,-20.9078,-20.8135,...}
    +-GridCoordinates{GridCoordinates_t}:MT
    | +-CoordinateX{DataArray_t}:R4[46941]={-21.18,-21.1167,-21.1167,-21.1167,-21.1167,-21.1167,...}
    | +-CoordinateY{DataArray_t}:R4[46941]={0,-0.245577,-0.244394,-0.244394,-0.240858,-0.240858,...}
    | +-CoordinateZ{DataArray_t}:R4[46941]={0.5,0.496922,0.473236,0.520608,0.449778,0.544066,...}
    +-ORPHAN{FamilyName_t}:MT
    +-Triangular Surface Elements{Elements_t}:I4[2]={5,93858}
    | +-ElementConnectivity{DataArray_t}:I4[3,93858]
    | +-ElementRange{IndexRange_t}:I4[2]={0,93857}
    +-ZoneBC{ZoneBC_t}:MT
    | +-Component #1{BC_t}:C1[11]="UserDefined"
    | | +-Component #1{FamilyName_t}:MT
    | | +-ElementList{IndexArray_t}:I4[7040]={0,1,2,3,4,5,...}
    | +-Component #2{BC_t}:C1[11]="UserDefined"
    | | +-Component #2{FamilyName_t}:MT
    | | +-ElementList{IndexArray_t}:I4[19288]={7040,7041,7042,7043,7044,7045,...}
    | +-Component #3{BC_t}:C1[11]="UserDefined"
    | | +-Component #3{FamilyName_t}:MT
    | | +-ElementList{IndexArray_t}:I4[22592]={26328,26329,26330,26331,26332,26333,...}
    | +-Component #4{BC_t}:C1[11]="UserDefined"
    | | +-Component #4{FamilyName_t}:MT
    | | +-ElementList{IndexArray_t}:I4[6234]={48920,48921,48922,48923,48924,48925,...}
    | +-Component #5{BC_t}:C1[11]="UserDefined"
    | | +-Component #5{FamilyName_t}:MT
    | | +-ElementList{IndexArray_t}:I4[15104]={55154,55155,55156,55157,55158,55159,...}
    | +-Component #6{BC_t}:C1[11]="UserDefined"
    | | +-Component #6{FamilyName_t}:MT
    | | +-ElementList{IndexArray_t}:I4[15104]={70258,70259,70260,70261,70262,70263,...}
    | +-Component #7{BC_t}:C1[11]="UserDefined"
    | | +-Component #7{FamilyName_t}:MT
    | | +-ElementList{IndexArray_t}:I4[4248]={85362,85363,85364,85365,85366,85367,...}
    | +-Component #8{BC_t}:C1[11]="UserDefined"
    |   +-Component #8{FamilyName_t}:MT
    |   +-ElementList{IndexArray_t}:I4[4248]={89610,89611,89612,89613,89614,89615,...}
    +-ZoneType{ZoneType_t}:C1[12]="Unstructured"
Translated from CART3D{CGNSBase_t}:2/3
+-Component #1{Family_t}
| +-Ordinal: 1
+-Component #2{Family_t}
| +-Ordinal: 2
+-Component #3{Family_t}
| +-Ordinal: 3
+-Component #4{Family_t}
| +-Ordinal: 4
+-Component #5{Family_t}
| +-Ordinal: 5
+-Component #6{Family_t}
| +-Ordinal: 6
+-Component #7{Family_t}
| +-Ordinal: 7
+-Component #8{Family_t}
| +-Ordinal: 8
+-Zone #1{Zone_t}:1/unstructured
  +-Triangular Surface Elements{Elements_t}:TRI_3/93858
  +-FamilyName: ORPHAN
  +-ZoneBC{ZoneBC_t}
  | +-Component #1{BC_t}(@Vertex): UserDefined
  | | +-FamilyName: Component #1
  | +-Component #2{BC_t}(@Vertex): UserDefined
  | | +-FamilyName: Component #2
  | +-Component #3{BC_t}(@Vertex): UserDefined
  | | +-FamilyName: Component #3
  | +-Component #4{BC_t}(@Vertex): UserDefined
  | | +-FamilyName: Component #4
  | +-Component #5{BC_t}(@Vertex): UserDefined
  | | +-FamilyName: Component #5
  | +-Component #6{BC_t}(@Vertex): UserDefined
  | | +-FamilyName: Component #6
  | +-Component #7{BC_t}(@Vertex): UserDefined
  | | +-FamilyName: Component #7
  | +-Component #8{BC_t}(@Vertex): UserDefined
  | | +-FamilyName: Component #8
  +-GridCoordinates{GridCoordinates_t}
  | +-CoordinateX{DataArray_t}
  | +-CoordinateY{DataArray_t}
  | +-CoordinateZ{DataArray_t}
  +-Flow Solution Data{FlowSolution_t}(@Vertex)
    +-CoefPressure{DataArray_t}
