ADF MotherNode{Root Node of ADF File}:MT
+-Base{CGNSBase_t}:I4[2]={3,3}
| +-CaseTitle{Descriptor_t}:C1[82]="CFL3D V5.0 code:      Axisymmetric bump flow, 3-d, using 2 planes and periodic BCs"
| +-DataClass{DataClass_t}:C1[30]="NormalizedByUnknownDimensional"
| +-GlobalConvergenceHistory{ConvergenceHistory_t}:I4[1]=1207
| | +-BadPointsTurbEqn1{DataArray_t}:I4[1207]={0,0,0,0,33,80,...}
| | +-BadPointsTurbEqn2{DataArray_t}:I4[1207]={37,886,956,944,848,994,...}
| | +-CoefDrag{DataArray_t}:R8[1207]={0.00204531,0.00273269,0.00237614,0.00170707,0.00144824,0.00145252,...}
| | +-CoefForceX{DataArray_t}:R8[1207]={0.00204531,0.00273269,0.00237614,0.00170707,0.00144824,0.00145252,...}
| | +-CoefForceY{DataArray_t}:R8[1207]={0,-9.26729e-13,-3.60332e-13,8.51864e-12,8.37388e-12,3.97e-12,...}
| | +-CoefForceZ{DataArray_t}:R8[1207]={-3.5294e-09,-0.00168247,-0.000973884,0.000212306,-0.000209163,-0.000584077,...}
| | +-CoefLift{DataArray_t}:R8[1207]={-3.5294e-09,-0.00168247,-0.000973884,0.000212306,-0.000209163,-0.000584077,...}
| | +-CoefMomentX{DataArray_t}:R8[1207]={1.08274e-24,3.85052e-13,1.40409e-13,-3.53965e-12,-3.45816e-12,-1.61487e-12,...}
| | +-CoefMomentY{DataArray_t}:R8[1207]={0.000806101,0.000539447,0.000204837,-1.81091e-05,0.000179922,0.000149246,...}
| | +-CoefMomentZ{DataArray_t}:R8[1207]={-2.15867e-24,-8.59456e-13,-4.74683e-13,6.90298e-12,7.02018e-12,3.97476e-12,...}
| | +-CoefPressureDrag{DataArray_t}:R8[1207]={0,0.000950144,0.000840967,0.000386008,0.000309478,0.000465523,...}
| | +-CoefViscousDrag{DataArray_t}:R8[1207]={0.00204531,0.00178255,0.00153517,0.00132106,0.00113876,0.000986998,...}
| | +-ControlSurfaceForce{DataArray_t}:R8[1207]={0,0,0,0,0,0,...}
| | +-ControlSurfaceMassFlow{DataArray_t}:R8[1207]={0,0,0,0,0,0,...}
| | +-ControlSurfaceMomentumForce{DataArray_t}:R8[1207]={0,0,0,0,0,0,...}
| | +-ControlSurfacePressureForce{DataArray_t}:R8[1207]={0,0,0,0,0,0,...}
| | +-ControlSurfaceViscousForce{DataArray_t}:R8[1207]={0,0,0,0,0,0,...}
| | +-RSDMassRMS{DataArray_t}:R8[1207]={3.82668e-06,1.2074e-06,2.63136e-06,1.4854e-06,1.64294e-06,1.39129e-06,...}
| | +-RSDTurbEqn1RMS{DataArray_t}:R8[1207]={0.000296114,0.00013894,7.28509e-05,3.09449e-05,3.92939e-05,1.67402e-05,...}
| | +-RSDTurbEqn2RMS{DataArray_t}:R8[1207]={6.42993e-05,1.26292e-05,4.11022e-06,2.07151e-06,1.03417e-06,6.28202e-07,...}
| +-InputFileUsed{Descriptor_t}:C1[9963]=(non-printable)
| +-ReferenceState{ReferenceState_t}:MT
| | +-AngleofAttack{DataArray_t}:R8[1]=0
| | | +-DataClass{DataClass_t}:C1[11]="Dimensional"
| | | +-DimensionalUnits{DimensionalUnits_t}:C1[32,5]
| | +-Density{DataArray_t}:R8[1]=1
| | | +-DataClass{DataClass_t}:C1[30]="NormalizedByUnknownDimensional"
| | +-Length{DataArray_t}:R8[1]=1
| | | +-DataClass{DataClass_t}:C1[30]="NormalizedByUnknownDimensional"
| | +-Mach{DataArray_t}:R8[1]=0.875
| | | +-DataClass{DataClass_t}:C1[23]="NondimensionalParameter"
| | +-Prandtl{DataArray_t}:R8[1]=0.72
| | | +-DataClass{DataClass_t}:C1[21]="DimensionlessConstant"
| | +-ReferenceStateDescription{Descriptor_t}:C1[19]="ReferenceQuantities"
| | +-Reynolds{DataArray_t}:R8[1]=2.66e+06
| | | +-DataClass{DataClass_t}:C1[23]="NondimensionalParameter"
| | +-SpecificHeatRatio{DataArray_t}:R8[1]=1.4
| | | +-DataClass{DataClass_t}:C1[21]="DimensionlessConstant"
| | +-Temperature{DataArray_t}:R8[1]=460
| | | +-DataClass{DataClass_t}:C1[11]="Dimensional"
| | | +-DimensionalUnits{DimensionalUnits_t}:C1[32,5]
| | +-TimeLatest{DataArray_t}:R8[1]=0
| | | +-DataClass{DataClass_t}:C1[30]="NormalizedByUnknownDimensional"
| | +-VelocitySound{DataArray_t}:R8[1]=1
| | | +-DataClass{DataClass_t}:C1[30]="NormalizedByUnknownDimensional"
| | +-ViscosityKinematic{DataArray_t}:R8[1]=1
| |   +-DataClass{DataClass_t}:C1[30]="NormalizedByUnknownDimensional"
| +-SimulationType{Descriptor_t}:C1[17]="Non-time-accurate"
| +-Zone   1{Zone_t}:I4[3,3]
|   +-FlowEquationSet{FlowEquationSet_t}:MT
|   | +-EquationDimension{"int"}:I4[1]=3
|   | +-GasModel{GasModel_t}:C1[5]="Ideal"
|   | +-GoverningEquations{GoverningEquations_t}:C1[11]="NSTurbulent"
|   | | +-DiffusionModel{"int[1+...+IndexDimension]"}:I4[6]={0,0,1,0,0,0}
|   | +-ThermalConductivityModel{ThermalConductivityModel_t}:C1[15]="ConstantPrandtl"
|   | +-TurbulenceClosure{TurbulenceClosure_t}:C1[13]="EddyViscosity"
|   | +-TurbulenceModel{TurbulenceModel_t}:C1[21]="TwoEquation_MenterSST"
|   | +-ViscosityModel{ViscosityModel_t}:C1[13]="SutherlandLaw"
|   +-FlowSolution{FlowSolution_t}:MT
|   | +-Density{DataArray_t}:R8[3,182,102]
|   | +-GridLocation{GridLocation_t}:C1[10]="CellCenter"
|   | +-Information{Descriptor_t}:C1[53]="Fine grid solution (on same level as GridCoordinates)"
|   | +-Pressure{DataArray_t}:R8[3,182,102]
|   | +-Rind{Rind_t}:I4[6]={1,1,1,1,1,1}
|   | +-TurbulentDissipationRate{DataArray_t}:R8[3,182,102]
|   | +-TurbulentDistance{DataArray_t}:R8[3,182,102]
|   | +-TurbulentEnergyKinetic{DataArray_t}:R8[3,182,102]
|   | +-VelocityX{DataArray_t}:R8[3,182,102]
|   | +-VelocityY{DataArray_t}:R8[3,182,102]
|   | +-VelocityZ{DataArray_t}:R8[3,182,102]
|   | +-ViscosityEddy{DataArray_t}:R8[3,182,102]
|   +-GridCoordinates{GridCoordinates_t}:MT
|   | +-CoordinateX{DataArray_t}:R8[2,181,101]
|   | +-CoordinateY{DataArray_t}:R8[2,181,101]
|   | +-CoordinateZ{DataArray_t}:R8[2,181,101]
|   +-ORPHAN{FamilyName_t}:MT
|   +-ZoneBC{ZoneBC_t}:MT
|   | +-Ihi_Seg   1{BC_t}:C1[11]="UserDefined"
|   | | +-CFL3DAuxData{Descriptor_t}:C1[50]="                   1      +1.0        0.        0."
|   | | +-CFL3DType{Descriptor_t}:C1[6]="  2005"
|   | | +-ORPHAN{FamilyName_t}:MT
|   | | +-PointRange{IndexRange_t}:I4[3,2]
|   | +-Ilo_Seg   1{BC_t}:C1[11]="UserDefined"
|   | | +-CFL3DAuxData{Descriptor_t}:C1[50]="                   1      -1.0        0.        0."
|   | | +-CFL3DType{Descriptor_t}:C1[6]="  2005"
|   | | +-ORPHAN{FamilyName_t}:MT
|   | | +-PointRange{IndexRange_t}:I4[3,2]
|   | +-Jhi_Seg   1{BC_t}:C1[10]="BCFarfield"
|   | | +-CFL3DType{Descriptor_t}:C1[6]="  1003"
|   | | +-ORPHAN{FamilyName_t}:MT
|   | | +-PointRange{IndexRange_t}:I4[3,2]
|   | +-Jlo_Seg   1{BC_t}:C1[10]="BCFarfield"
|   | | +-CFL3DType{Descriptor_t}:C1[6]="  1003"
|   | | +-ORPHAN{FamilyName_t}:MT
|   | | +-PointRange{IndexRange_t}:I4[3,2]
|   | +-Khi_Seg   1{BC_t}:C1[10]="BCFarfield"
|   | | +-CFL3DType{Descriptor_t}:C1[6]="  1003"
|   | | +-ORPHAN{FamilyName_t}:MT
|   | | +-PointRange{IndexRange_t}:I4[3,2]
|   | +-Klo_Seg   1{BC_t}:C1[21]="BCWallViscousHeatFlux"
|   |   +-CFL3DAuxData{Descriptor_t}:C1[30]="                  0.        0."
|   |   +-CFL3DType{Descriptor_t}:C1[6]="  2004"
|   |   +-ORPHAN{FamilyName_t}:MT
|   |   +-PointRange{IndexRange_t}:I4[3,2]
|   +-ZoneType{ZoneType_t}:C1[10]="Structured"
+-CGNSLibraryVersion{CGNSLibraryVersion_t}:R4[1]=1.1
Base{CGNSBase_t}:3/3
+-CaseTitle: CFL3D V5.0 code:      Axisymmetric bump flow, 3-d, using 2 p
+-InputFileUsed: I/O FILES                                                   
+-SimulationType: Non-time-accurate
+-DataClass: NormalizedByUnknownDimensional
+-ReferenceState{ReferenceState_t}
| +-ReferenceStateDescription: ReferenceQuantities
| +-AngleofAttack{DataArray_t}: 0
| +-Density{DataArray_t}: 1
| +-Length{DataArray_t}: 1
| +-Mach{DataArray_t}: 0.875
| +-Prandtl{DataArray_t}: 0.72
| +-Reynolds{DataArray_t}: 2.66e+06
| +-SpecificHeatRatio{DataArray_t}: 1.4
| +-Temperature{DataArray_t}: 460
| +-TimeLatest{DataArray_t}: 0
| +-VelocitySound{DataArray_t}: 1
| +-ViscosityKinematic{DataArray_t}: 1
+-GlobalConvergenceHistory{ConvergenceHistory_t}:1207
+-Zone   1{Zone_t}:3/structured
  +-FlowEquationSet{FlowEquationSet_t}
  | +-GoverningEquations: NSTurbulent
  | +-DiffusionModel{int[]}
  | +-GasModel: Ideal
  | +-GasModel{GasModel_t}
  | +-ViscosityModel: SutherlandLaw
  | +-ViscosityModel{ViscosityModel_t}
  | +-ThermalConductivityModel: ConstantPrandtl
  | +-ThermalConductivityModel{ThermalConductivityModel_t}
  | +-TurbulenceClosure: EddyViscosity
  | +-TurbulenceClosure{TurbulenceClosure_t}
  | +-TurbulenceModel: TwoEquation_MenterSST
  | +-TurbulenceModel{TurbulenceModel_t}
  +-FamilyName: ORPHAN
  +-ZoneBC{ZoneBC_t}
  | +-Ihi_Seg   1{BC_t}(@Vertex): UserDefined
  | | +-CFL3DAuxData:                    1      +1.0        0.        0.
  | | +-CFL3DType:   2005
  | | +-PointRange{IndexRange_t}
  | | +-FamilyName: ORPHAN
  | +-Ilo_Seg   1{BC_t}(@Vertex): UserDefined
  | | +-CFL3DAuxData:                    1      -1.0        0.        0.
  | | +-CFL3DType:   2005
  | | +-PointRange{IndexRange_t}
  | | +-FamilyName: ORPHAN
  | +-Jhi_Seg   1{BC_t}(@Vertex): BCFarfield
  | | +-CFL3DType:   1003
  | | +-PointRange{IndexRange_t}
  | | +-FamilyName: ORPHAN
  | +-Jlo_Seg   1{BC_t}(@Vertex): BCFarfield
  | | +-CFL3DType:   1003
  | | +-PointRange{IndexRange_t}
  | | +-FamilyName: ORPHAN
  | +-Khi_Seg   1{BC_t}(@Vertex): BCFarfield
  | | +-CFL3DType:   1003
  | | +-PointRange{IndexRange_t}
  | | +-FamilyName: ORPHAN
  | +-Klo_Seg   1{BC_t}(@Vertex): BCWallViscousHeatFlux
  | | +-CFL3DAuxData:                   0.        0.
  | | +-CFL3DType:   2004
  | | +-PointRange{IndexRange_t}
  | | +-FamilyName: ORPHAN
  +-GridCoordinates{GridCoordinates_t}
  | +-CoordinateX{DataArray_t}
  | +-CoordinateY{DataArray_t}
  | +-CoordinateZ{DataArray_t}
  +-FlowSolution{FlowSolution_t}(@CellCenter)
    +-Information: Fine grid solution (on same level as GridCoordinates)
    +-Density{DataArray_t}
    +-Pressure{DataArray_t}
    +-TurbulentDissipationRate{DataArray_t}
    +-TurbulentDistance{DataArray_t}
    +-TurbulentEnergyKinetic{DataArray_t}
    +-VelocityX{DataArray_t}
    +-VelocityY{DataArray_t}
    +-VelocityZ{DataArray_t}
    +-ViscosityEddy{DataArray_t}
    +-Rind{Rind_t}
