ADF MotherNode{Root Node of ADF File}:MT
+-CGNSLibraryVersion{CGNSLibraryVersion_t}:R4[1]=2.1
+-LinearBase{CGNSBase_t}:I4[2]={1,1}
  +-LinearStructured{Zone_t}:I4[1,3]
  | +-GridCoordinates{GridCoordinates_t}:MT
  | | +-CoordinateX{DataArray_t}:R8[6]={0,1,2,3,4,5}
  | +-Solution{FlowSolution_t}:MT
  | | +-VelocityX{DataArray_t}:R8[6]={0,0.5,1,1.5,2,2.5}
  | +-ZoneType{ZoneType_t}:C1[10]="Structured"
  +-LinearUnstructured{Zone_t}:I4[1,3]
    +-GridCoordinates{GridCoordinates_t}:MT
    | +-CoordinateX{DataArray_t}:R8[6]={-5,0,-1,-2,-3,-4}
    +-ZoneType{ZoneType_t}:C1[12]="Unstructured"
